// Vitest Snapshot v1, https://vitest.dev/guide/snapshot.html

exports[`StepProgress Snapshot 1`] = `
{
  "asFragment": [Function],
  "baseElement": <body>
    <div>
      <div
        class="css-irr4ie"
      >
        <div
          class="css-1v8xmg1"
          height="8"
          width="32"
        />
        <div
          class="css-w9poon"
          height="8"
          width="32"
        />
        <div
          class="css-w9poon"
          height="8"
          width="32"
        />
        <div
          class="css-w9poon"
          height="8"
          width="32"
        />
        <div
          class="css-w9poon"
          height="8"
          width="32"
        />
      </div>
    </div>
  </body>,
  "container": <div>
    <div
      class="css-irr4ie"
    >
      <div
        class="css-1v8xmg1"
        height="8"
        width="32"
      />
      <div
        class="css-w9poon"
        height="8"
        width="32"
      />
      <div
        class="css-w9poon"
        height="8"
        width="32"
      />
      <div
        class="css-w9poon"
        height="8"
        width="32"
      />
      <div
        class="css-w9poon"
        height="8"
        width="32"
      />
    </div>
  </div>,
  "debug": [Function],
  "findAllByAltText": [Function],
  "findAllByDisplayValue": [Function],
  "findAllByLabelText": [Function],
  "findAllByPlaceholderText": [Function],
  "findAllByRole": [Function],
  "findAllByTestId": [Function],
  "findAllByText": [Function],
  "findAllByTitle": [Function],
  "findByAltText": [Function],
  "findByDisplayValue": [Function],
  "findByLabelText": [Function],
  "findByPlaceholderText": [Function],
  "findByRole": [Function],
  "findByTestId": [Function],
  "findByText": [Function],
  "findByTitle": [Function],
  "getAllByAltText": [Function],
  "getAllByDisplayValue": [Function],
  "getAllByLabelText": [Function],
  "getAllByPlaceholderText": [Function],
  "getAllByRole": [Function],
  "getAllByTestId": [Function],
  "getAllByText": [Function],
  "getAllByTitle": [Function],
  "getByAltText": [Function],
  "getByDisplayValue": [Function],
  "getByLabelText": [Function],
  "getByPlaceholderText": [Function],
  "getByRole": [Function],
  "getByTestId": [Function],
  "getByText": [Function],
  "getByTitle": [Function],
  "queryAllByAltText": [Function],
  "queryAllByDisplayValue": [Function],
  "queryAllByLabelText": [Function],
  "queryAllByPlaceholderText": [Function],
  "queryAllByRole": [Function],
  "queryAllByTestId": [Function],
  "queryAllByText": [Function],
  "queryAllByTitle": [Function],
  "queryByAltText": [Function],
  "queryByDisplayValue": [Function],
  "queryByLabelText": [Function],
  "queryByPlaceholderText": [Function],
  "queryByRole": [Function],
  "queryByTestId": [Function],
  "queryByText": [Function],
  "queryByTitle": [Function],
  "rerender": [Function],
  "unmount": [Function],
}
`;

exports[`StepProgress Snapshot 2`] = `
{
  "asFragment": [Function],
  "baseElement": <body>
    <div>
      <div
        class="css-irr4ie"
      >
        <div
          class="css-1v8xmg1"
          height="8"
          width="32"
        />
        <div
          class="css-w9poon"
          height="8"
          width="32"
        />
        <div
          class="css-w9poon"
          height="8"
          width="32"
        />
        <div
          class="css-w9poon"
          height="8"
          width="32"
        />
        <div
          class="css-w9poon"
          height="8"
          width="32"
        />
      </div>
    </div>
    <div>
      <div
        class="css-irr4ie"
      >
        <div
          class="css-w9poon"
          height="8"
          width="32"
        />
        <div
          class="css-w9poon"
          height="8"
          width="32"
        />
        <div
          class="css-w9poon"
          height="8"
          width="32"
        />
        <div
          class="css-1v8xmg1"
          height="8"
          width="32"
        />
        <div
          class="css-w9poon"
          height="8"
          width="32"
        />
        <div
          class="css-w9poon"
          height="8"
          width="32"
        />
      </div>
    </div>
  </body>,
  "container": <div>
    <div
      class="css-irr4ie"
    >
      <div
        class="css-w9poon"
        height="8"
        width="32"
      />
      <div
        class="css-w9poon"
        height="8"
        width="32"
      />
      <div
        class="css-w9poon"
        height="8"
        width="32"
      />
      <div
        class="css-1v8xmg1"
        height="8"
        width="32"
      />
      <div
        class="css-w9poon"
        height="8"
        width="32"
      />
      <div
        class="css-w9poon"
        height="8"
        width="32"
      />
    </div>
  </div>,
  "debug": [Function],
  "findAllByAltText": [Function],
  "findAllByDisplayValue": [Function],
  "findAllByLabelText": [Function],
  "findAllByPlaceholderText": [Function],
  "findAllByRole": [Function],
  "findAllByTestId": [Function],
  "findAllByText": [Function],
  "findAllByTitle": [Function],
  "findByAltText": [Function],
  "findByDisplayValue": [Function],
  "findByLabelText": [Function],
  "findByPlaceholderText": [Function],
  "findByRole": [Function],
  "findByTestId": [Function],
  "findByText": [Function],
  "findByTitle": [Function],
  "getAllByAltText": [Function],
  "getAllByDisplayValue": [Function],
  "getAllByLabelText": [Function],
  "getAllByPlaceholderText": [Function],
  "getAllByRole": [Function],
  "getAllByTestId": [Function],
  "getAllByText": [Function],
  "getAllByTitle": [Function],
  "getByAltText": [Function],
  "getByDisplayValue": [Function],
  "getByLabelText": [Function],
  "getByPlaceholderText": [Function],
  "getByRole": [Function],
  "getByTestId": [Function],
  "getByText": [Function],
  "getByTitle": [Function],
  "queryAllByAltText": [Function],
  "queryAllByDisplayValue": [Function],
  "queryAllByLabelText": [Function],
  "queryAllByPlaceholderText": [Function],
  "queryAllByRole": [Function],
  "queryAllByTestId": [Function],
  "queryAllByText": [Function],
  "queryAllByTitle": [Function],
  "queryByAltText": [Function],
  "queryByDisplayValue": [Function],
  "queryByLabelText": [Function],
  "queryByPlaceholderText": [Function],
  "queryByRole": [Function],
  "queryByTestId": [Function],
  "queryByText": [Function],
  "queryByTitle": [Function],
  "rerender": [Function],
  "unmount": [Function],
}
`;
