// Vitest Snapshot v1, https://vitest.dev/guide/snapshot.html

exports[`ImplementedNestedCheckbox Snapshot 1`] = `null`;

exports[`ImplementedNestedCheckbox Snapshot 2`] = `null`;
