// Vitest Snapshot v1, https://vitest.dev/guide/snapshot.html

exports[`RadioButton Snapshot 1`] = `null`;

exports[`RadioButton Snapshot 2`] = `null`;
